[    0.000000] Initializing cgroup subsys cpuset
[    0.000000] Initializing cgroup subsys cpu
[    0.000000] Initializing cgroup subsys cpuacct
[    0.000000] Linux version 4.4.0-53-generic (buildd@lcy01-28) (gcc version 5.4.0 20160609 (Ubuntu 5.4.0-6ubuntu1~16.04.4) ) #74-Ubuntu SMP Fri Dec 2 15:59:10 UTC 2016 (Ubuntu 4.4.0-53.74-generic 4.4.30)
[    0.000000] Command line: BOOT_IMAGE=/boot/vmlinuz-4.4.0-53-generic root=LABEL=cloudimg-rootfs ro console=tty1 console=ttyS0
[    0.000000] KERNEL supported cpus:
[    0.000000]   Intel GenuineIntel
[    0.000000]   AMD AuthenticAMD
[    0.000000]   Centaur CentaurHauls
[    0.000000] x86/fpu: Legacy x87 FPU detected.
[    0.000000] x86/fpu: Using 'lazy' FPU context switches.
[    0.000000] e820: BIOS-provided physical RAM map:
[    0.000000] BIOS-e820: [mem 0x0000000000000000-0x000000000009fbff] usable
[    0.000000] BIOS-e820: [mem 0x000000000009fc00-0x000000000009ffff] reserved
[    0.000000] BIOS-e820: [mem 0x00000000000f0000-0x00000000000fffff] reserved
[    0.000000] BIOS-e820: [mem 0x0000000000100000-0x000000005ffeffff] usable
[    0.000000] BIOS-e820: [mem 0x000000005fff0000-0x000000005fffffff] ACPI data
[    0.000000] BIOS-e820: [mem 0x00000000fec00000-0x00000000fec00fff] reserved
[    0.000000] BIOS-e820: [mem 0x00000000fee00000-0x00000000fee00fff] reserved
[    0.000000] BIOS-e820: [mem 0x00000000fffc0000-0x00000000ffffffff] reserved
[    0.000000] NX (Execute Disable) protection: active
[    0.000000] SMBIOS 2.5 present.
[    0.000000] Hypervisor detected: KVM
[    0.000000] e820: last_pfn = 0x5fff0 max_arch_pfn = 0x400000000
[    0.000000] MTRR: Disabled
[    0.000000] x86/PAT: MTRRs disabled, skipping PAT initialization too.
[    0.000000] x86/PAT: Configuration [0-7]: WB  WT  UC- UC  WB  WT  UC- UC  
[    0.000000] CPU MTRRs all blank - virtualized system.
[    0.000000] found SMP MP-table at [mem 0x0009fff0-0x0009ffff] mapped at [ffff88000009fff0]
[    0.000000] Scanning 1 areas for low memory corruption
[    0.000000] RAMDISK: [mem 0x36f3a000-0x37794fff]
[    0.000000] ACPI: Early table checksum verification disabled
[    0.000000] ACPI: RSDP 0x00000000000E0000 000024 (v02 VBOX  )
[    0.000000] ACPI: XSDT 0x000000005FFF0030 00003C (v01 VBOX   VBOXXSDT 00000001 ASL  00000061)
[    0.000000] ACPI: FACP 0x000000005FFF00F0 0000F4 (v04 VBOX   VBOXFACP 00000001 ASL  00000061)
[    0.000000] ACPI: DSDT 0x000000005FFF0470 00210F (v01 VBOX   VBOXBIOS 00000002 INTL 20100528)
[    0.000000] ACPI: FACS 0x000000005FFF0200 000040
[    0.000000] ACPI: FACS 0x000000005FFF0200 000040
[    0.000000] ACPI: APIC 0x000000005FFF0240 000054 (v02 VBOX   VBOXAPIC 00000001 ASL  00000061)
[    0.000000] ACPI: SSDT 0x000000005FFF02A0 0001CC (v01 VBOX   VBOXCPUT 00000002 INTL 20100528)
[    0.000000] No NUMA configuration found
[    0.000000] Faking a node at [mem 0x0000000000000000-0x000000005ffeffff]
[    0.000000] NODE_DATA(0) allocated [mem 0x5ffeb000-0x5ffeffff]
[    0.000000] kvm-clock: Using msrs 4b564d01 and 4b564d00
[    0.000000] kvm-clock: cpu 0, msr 0:5ffe7001, primary cpu clock
[    0.000000] kvm-clock: using sched offset of 10495570711 cycles
[    0.000000] clocksource: kvm-clock: mask: 0xffffffffffffffff max_cycles: 0x1cd42e4dffb, max_idle_ns: 881590591483 ns
[    0.000000] Zone ranges:
[    0.000000]   DMA      [mem 0x0000000000001000-0x0000000000ffffff]
[    0.000000]   DMA32    [mem 0x0000000001000000-0x000000005ffeffff]
[    0.000000]   Normal   empty
[    0.000000]   Device   empty
[    0.000000] Movable zone start for each node
[    0.000000] Early memory node ranges
[    0.000000]   node   0: [mem 0x0000000000001000-0x000000000009efff]
[    0.000000]   node   0: [mem 0x0000000000100000-0x000000005ffeffff]
[    0.000000] Initmem setup node 0 [mem 0x0000000000001000-0x000000005ffeffff]
[    0.000000] ACPI: PM-Timer IO Port: 0x4008
[    0.000000] IOAPIC[0]: apic_id 1, version 32, address 0xfec00000, GSI 0-23
[    0.000000] ACPI: INT_SRC_OVR (bus 0 bus_irq 0 global_irq 2 dfl dfl)
[    0.000000] ACPI: INT_SRC_OVR (bus 0 bus_irq 9 global_irq 9 high level)
[    0.000000] Using ACPI (MADT) for SMP configuration information
[    0.000000] smpboot: Allowing 1 CPUs, 0 hotplug CPUs
[    0.000000] PM: Registered nosave memory: [mem 0x00000000-0x00000fff]
[    0.000000] PM: Registered nosave memory: [mem 0x0009f000-0x0009ffff]
[    0.000000] PM: Registered nosave memory: [mem 0x000a0000-0x000effff]
[    0.000000] PM: Registered nosave memory: [mem 0x000f0000-0x000fffff]
[    0.000000] e820: [mem 0x60000000-0xfebfffff] available for PCI devices
[    0.000000] Booting paravirtualized kernel on KVM
[    0.000000] clocksource: refined-jiffies: mask: 0xffffffff max_cycles: 0xffffffff, max_idle_ns: 7645519600211568 ns
[    0.000000] setup_percpu: NR_CPUS:256 nr_cpumask_bits:256 nr_cpu_ids:1 nr_node_ids:1
[    0.000000] PERCPU: Embedded 33 pages/cpu @ffff88005fc00000 s98008 r8192 d28968 u2097152
[    0.000000] PV qspinlock hash table entries: 256 (order: 0, 4096 bytes)
[    0.000000] Built 1 zonelists in Node order, mobility grouping on.  Total pages: 386937
[    0.000000] Policy zone: DMA32
[    0.000000] Kernel command line: BOOT_IMAGE=/boot/vmlinuz-4.4.0-53-generic root=LABEL=cloudimg-rootfs ro console=tty1 console=ttyS0
[    0.000000] PID hash table entries: 4096 (order: 3, 32768 bytes)
[    0.000000] Memory: 1520304K/1572408K available (8427K kernel code, 1285K rwdata, 3956K rodata, 1480K init, 1292K bss, 52104K reserved, 0K cma-reserved)
[    0.000000] SLUB: HWalign=64, Order=0-3, MinObjects=0, CPUs=1, Nodes=1
[    0.000000] Hierarchical RCU implementation.
[    0.000000] 	Build-time adjustment of leaf fanout to 64.
[    0.000000] 	RCU restricting CPUs from NR_CPUS=256 to nr_cpu_ids=1.
[    0.000000] RCU: Adjusting geometry for rcu_fanout_leaf=64, nr_cpu_ids=1
[    0.000000] NR_IRQS:16640 nr_irqs:256 16
[    0.000000] Console: colour VGA+ 80x25
[    0.000000] console [tty1] enabled
[    0.000000] console [ttyS0] enabled
[    0.000000] tsc: Detected 2272.704 MHz processor
[    0.996443] Calibrating delay loop (skipped) preset value.. 4545.40 BogoMIPS (lpj=9090816)
[    1.000915] pid_max: default: 32768 minimum: 301
[    1.002589] ACPI: Core revision 20150930
[    1.006067] ACPI: 2 ACPI AML tables successfully acquired and loaded
[    1.009868] Security Framework initialized
[    1.013029] Yama: becoming mindful.
[    1.014453] AppArmor: AppArmor initialized
[    1.019467] Dentry cache hash table entries: 262144 (order: 9, 2097152 bytes)
[    1.031076] Inode-cache hash table entries: 131072 (order: 8, 1048576 bytes)
[    1.034614] Mount-cache hash table entries: 4096 (order: 3, 32768 bytes)
[    1.038869] Mountpoint-cache hash table entries: 4096 (order: 3, 32768 bytes)
[    1.043658] Initializing cgroup subsys io
[    1.046047] Initializing cgroup subsys memory
[    1.047651] Initializing cgroup subsys devices
[    1.049187] Initializing cgroup subsys freezer
[    1.050588] Initializing cgroup subsys net_cls
[    1.052148] Initializing cgroup subsys perf_event
[    1.053592] Initializing cgroup subsys net_prio
[    1.055083] Initializing cgroup subsys hugetlb
[    1.065493] Initializing cgroup subsys pids
[    1.067062] CPU: Physical Processor ID: 0
[    1.068447] mce: CPU supports 0 MCE banks
[    1.082225] process: using mwait in idle threads
[    1.091330] Last level iTLB entries: 4KB 512, 2MB 7, 4MB 7
[    1.092769] Last level dTLB entries: 4KB 512, 2MB 32, 4MB 32, 1GB 0
[    1.116719] Freeing SMP alternatives memory: 32K (ffffffff820b5000 - ffffffff820bd000)
[    1.137662] ftrace: allocating 32053 entries in 126 pages
[    1.221299] smpboot: Max logical packages: 1
[    1.229153] smpboot: APIC(0) Converting physical 0 to logical package 0
[    1.232511] x2apic enabled
[    1.233704] Switched APIC routing to physical x2apic.
[    1.237316] ..TIMER: vector=0x30 apic1=0 pin1=2 apic2=-1 pin2=-1
[    1.345891] smpboot: CPU0: Intel(R) Core(TM) i3 CPU       M 350  @ 2.27GHz (family: 0x6, model: 0x25, stepping: 0x2)
[    1.360479] Performance Events: unsupported p6 CPU model 37 no PMU driver, software events only.
[    1.377921] KVM setup paravirtual spinlock
[    1.390104] x86: Booted up 1 node, 1 CPUs
[    1.392589] smpboot: Total of 1 processors activated (4545.40 BogoMIPS)
[    1.394458] devtmpfs: initialized
[    1.397936] evm: security.selinux
[    1.398915] evm: security.SMACK64
[    1.407108] evm: security.SMACK64EXEC
[    1.408409] evm: security.SMACK64TRANSMUTE
[    1.409876] evm: security.SMACK64MMAP
[    1.412204] evm: security.ima
[    1.429039] evm: security.capability
[    1.431778] clocksource: jiffies: mask: 0xffffffff max_cycles: 0xffffffff, max_idle_ns: 7645041785100000 ns
[    1.443420] pinctrl core: initialized pinctrl subsystem
[    1.446275] RTC time: 18:55:18, date: 12/09/16
[    1.447601] NET: Registered protocol family 16
[    1.451462] cpuidle: using governor ladder
[    1.453554] cpuidle: using governor menu
[    1.455113] PCCT header not found.
[    1.456777] ACPI: bus type PCI registered
[    1.459897] acpiphp: ACPI Hot Plug PCI Controller Driver version: 0.5
[    1.462409] PCI: Using configuration type 1 for base access
[    1.472589] ACPI: Added _OSI(Module Device)
[    1.478521] ACPI: Added _OSI(Processor Device)
[    1.480760] ACPI: Added _OSI(3.0 _SCP Extensions)
[    1.483169] ACPI: Added _OSI(Processor Aggregator Device)
[    1.487491] ACPI: Executed 1 blocks of module-level executable AML code
[    1.494609] ACPI: Interpreter enabled
[    1.497219] ACPI: (supports S0 S5)
[    1.498460] ACPI: Using IOAPIC for interrupt routing
[    1.500330] PCI: Using host bridge windows from ACPI; if necessary, use "pci=nocrs" and report a bug
[    1.529476] ACPI: PCI Root Bridge [PCI0] (domain 0000 [bus 00-ff])
[    1.549094] acpi PNP0A03:00: _OSC: OS supports [ASPM ClockPM Segments MSI]
[    1.552681] acpi PNP0A03:00: _OSC failed (AE_NOT_FOUND); disabling ASPM
[    1.554980] acpi PNP0A03:00: fail to add MMCONFIG information, can't access extended PCI configuration space under this bridge.
[    1.559671] PCI host bridge to bus 0000:00
[    1.562603] pci_bus 0000:00: root bus resource [io  0x0000-0x0cf7 window]
[    1.564755] pci_bus 0000:00: root bus resource [io  0x0d00-0xffff window]
[    1.568516] pci_bus 0000:00: root bus resource [mem 0x000a0000-0x000bffff window]
[    1.572741] pci_bus 0000:00: root bus resource [mem 0x60000000-0xffdfffff window]
[    1.575813] pci_bus 0000:00: root bus resource [bus 00-ff]
[    1.584493] pci 0000:00:01.1: legacy IDE quirk: reg 0x10: [io  0x01f0-0x01f7]
[    1.595139] pci 0000:00:01.1: legacy IDE quirk: reg 0x14: [io  0x03f6]
[    1.597501] pci 0000:00:01.1: legacy IDE quirk: reg 0x18: [io  0x0170-0x0177]
[    1.599939] pci 0000:00:01.1: legacy IDE quirk: reg 0x1c: [io  0x0376]
[    1.668421] pci 0000:00:07.0: quirk: [io  0x4000-0x403f] claimed by PIIX4 ACPI
[    1.679140] pci 0000:00:07.0: quirk: [io  0x4100-0x410f] claimed by PIIX4 SMB
[    1.702253] ACPI: PCI Interrupt Link [LNKA] (IRQs 5 9 10 *11)
[    1.712388] ACPI: PCI Interrupt Link [LNKB] (IRQs 5 9 10 *11)
[    1.716399] ACPI: PCI Interrupt Link [LNKC] (IRQs 5 9 *10 11)
[    1.722216] ACPI: PCI Interrupt Link [LNKD] (IRQs 5 *9 10 11)
[    1.725231] ACPI: Enabled 2 GPEs in block 00 to 07
[    1.727507] vgaarb: setting as boot device: PCI:0000:00:02.0
[    1.729661] vgaarb: device added: PCI:0000:00:02.0,decodes=io+mem,owns=io+mem,locks=none
[    1.732784] vgaarb: loaded
[    1.735467] vgaarb: bridge control possible 0000:00:02.0
[    1.756061] SCSI subsystem initialized
[    1.758543] ACPI: bus type USB registered
[    1.759803] usbcore: registered new interface driver usbfs
[    1.761759] usbcore: registered new interface driver hub
[    1.763572] usbcore: registered new device driver usb
[    1.778404] PCI: Using ACPI for IRQ routing
[    1.788255] NetLabel: Initializing
[    1.801306] NetLabel:  domain hash size = 128
[    1.803268] NetLabel:  protocols = UNLABELED CIPSOv4
[    1.805662] NetLabel:  unlabeled traffic allowed by default
[    1.809035] amd_nb: Cannot enumerate AMD northbridges
[    1.812194] clocksource: Switched to clocksource kvm-clock
[    1.839751] AppArmor: AppArmor Filesystem Enabled
[    1.843696] pnp: PnP ACPI init
[    1.848757] pnp: PnP ACPI: found 3 devices
[    1.858058] clocksource: acpi_pm: mask: 0xffffff max_cycles: 0xffffff, max_idle_ns: 2085701024 ns
[    1.867643] NET: Registered protocol family 2
[    1.869378] TCP established hash table entries: 16384 (order: 5, 131072 bytes)
[    1.872585] TCP bind hash table entries: 16384 (order: 6, 262144 bytes)
[    1.875931] TCP: Hash tables configured (established 16384 bind 16384)
[    1.879372] UDP hash table entries: 1024 (order: 3, 32768 bytes)
[    1.882421] UDP-Lite hash table entries: 1024 (order: 3, 32768 bytes)
[    1.885739] NET: Registered protocol family 1
[    1.887488] pci 0000:00:00.0: Limiting direct PCI/PCI transfers
[    1.889868] pci 0000:00:01.0: Activating ISA DMA hang workarounds
[    1.905305] Trying to unpack rootfs image as initramfs...
[    4.842407] Freeing initrd memory: 8556K (ffff880036f3a000 - ffff880037795000)
[    4.851984] platform rtc_cmos: registered platform RTC device (no PNP device found)
[    4.856542] Scanning for low memory corruption every 60 seconds
[    4.858958] futex hash table entries: 256 (order: 2, 16384 bytes)
[    4.862222] audit: initializing netlink subsys (disabled)
[    4.865411] audit: type=2000 audit(1481309733.208:1): initialized
[    4.867269] Initialise system trusted keyring
[    4.868529] HugeTLB registered 2 MB page size, pre-allocated 0 pages
[    4.872444] zbud: loaded
[    4.875006] VFS: Disk quotas dquot_6.6.0
[    4.876812] VFS: Dquot-cache hash table entries: 512 (order 0, 4096 bytes)
[    4.879894] squashfs: version 4.0 (2009/01/31) Phillip Lougher
[    4.883410] fuse init (API version 7.23)
[    4.890437] Key type big_key registered
[    4.891749] Allocating IMA MOK and blacklist keyrings.
[    4.895679] Key type asymmetric registered
[    4.898039] Asymmetric key parser 'x509' registered
[    4.920845] Block layer SCSI generic (bsg) driver version 0.4 loaded (major 249)
[    4.931069] io scheduler noop registered
[    4.932114] io scheduler deadline registered (default)
[    4.933495] io scheduler cfq registered
[    4.934654] pci_hotplug: PCI Hot Plug PCI Core version: 0.5
[    4.936004] pciehp: PCI Express Hot Plug Controller Driver version: 0.4
[    4.937765] ACPI: AC Adapter [AC] (on-line)
[    4.938946] input: Power Button as /devices/LNXSYSTM:00/LNXPWRBN:00/input/input0
[    4.940869] ACPI: Power Button [PWRF]
[    4.942000] input: Sleep Button as /devices/LNXSYSTM:00/LNXSLPBN:00/input/input1
[    4.943923] ACPI: Sleep Button [SLPF]
[    4.945924] ACPI: Battery Slot [BAT0] (battery present)
[    4.947242] GHES: HEST is not enabled!
[    4.948532] Serial: 8250/16550 driver, 32 ports, IRQ sharing enabled
[    4.977999] 00:02: ttyS0 at I/O 0x3f8 (irq = 4, base_baud = 115200) is a 16550A
[    4.999813] Linux agpgart interface v0.103
[    5.010569] brd: module loaded
[    5.019156] loop: module loaded
[    5.022626] scsi host0: ata_piix
[    5.023656] scsi host1: ata_piix
[    5.024668] ata1: PATA max UDMA/33 cmd 0x1f0 ctl 0x3f6 bmdma 0xd000 irq 14
[    5.026266] ata2: PATA max UDMA/33 cmd 0x170 ctl 0x376 bmdma 0xd008 irq 15
[    5.028566] libphy: Fixed MDIO Bus: probed
[    5.029671] tun: Universal TUN/TAP device driver, 1.6
[    5.030928] tun: (C) 1999-2004 Max Krasnyansky <maxk@qualcomm.com>
[    5.032792] PPP generic driver version 2.4.2
[    5.034036] ehci_hcd: USB 2.0 'Enhanced' Host Controller (EHCI) Driver
[    5.035765] ehci-pci: EHCI PCI platform driver
[    5.036964] ehci-platform: EHCI generic platform driver
[    5.038261] ohci_hcd: USB 1.1 'Open' Host Controller (OHCI) Driver
[    5.039734] ohci-pci: OHCI PCI platform driver
[    5.040933] ohci-platform: OHCI generic platform driver
[    5.048030] uhci_hcd: USB Universal Host Controller Interface driver
[    5.050308] i8042: PNP: PS/2 Controller [PNP0303:PS2K,PNP0f03:PS2M] at 0x60,0x64 irq 1,12
[    5.065055] serio: i8042 KBD port at 0x60,0x64 irq 1
[    5.073194] serio: i8042 AUX port at 0x60,0x64 irq 12
[    5.074638] mousedev: PS/2 mouse device common for all mice
[    5.076476] input: AT Translated Set 2 keyboard as /devices/platform/i8042/serio0/input/input2
[    5.079255] rtc_cmos rtc_cmos: rtc core: registered rtc_cmos as rtc0
[    5.080845] rtc_cmos rtc_cmos: alarms up to one day, 114 bytes nvram
[    5.090511] i2c /dev entries driver
[    5.091578] device-mapper: uevent: version 1.0.3
[    5.098826] device-mapper: ioctl: 4.34.0-ioctl (2015-10-28) initialised: dm-devel@redhat.com
[    5.100988] ledtrig-cpu: registered to indicate activity on CPUs
[    5.106742] NET: Registered protocol family 10
[    5.108122] NET: Registered protocol family 17
[    5.113561] Key type dns_resolver registered
[    5.116618] microcode: CPU0 sig=0x20652, pf=0x4, revision=0x616
[    5.118158] microcode: Microcode Update Driver: v2.01 <tigran@aivazian.fsnet.co.uk>, Peter Oruba
[    5.120595] registered taskstats version 1
[    5.123235] Loading compiled-in X.509 certificates
[    5.125637] Loaded X.509 cert 'Build time autogenerated kernel key: e9dbd2fef92418dc580496786c7b3d419aa7d17d'
[    5.129388] zswap: loaded using pool lzo/zbud
[    5.132526] Key type trusted registered
[    5.137843] Key type encrypted registered
[    5.140392] AppArmor: AppArmor sha1 policy hashing enabled
[    5.150471] ima: No TPM chip found, activating TPM-bypass!
[    5.161331] evm: HMAC attrs: 0x1
[    5.162605]   Magic number: 12:513:948
[    5.163702] tty tty5: hash matches
[    5.164728] memory memory1: hash matches
[    5.167326] rtc_cmos rtc_cmos: setting system clock to 2016-12-09 18:55:22 UTC (1481309722)
[    5.176666] BIOS EDD facility v0.16 2004-Jun-25, 0 devices found
[    5.178093] EDD information not available.
[    5.190354] Freeing unused kernel memory: 1480K (ffffffff81f43000 - ffffffff820b5000)
[    5.200179] Write protecting the kernel read-only data: 14336k
[    5.206649] Freeing unused kernel memory: 1800K (ffff88000183e000 - ffff880001a00000)
[    5.216020] Freeing unused kernel memory: 140K (ffff880001ddd000 - ffff880001e00000)
Loading, please wait...
starting version 229
[    5.254873] random: udevadm: uninitialized urandom read (16 bytes read, 2 bits of entropy available)
[    5.271076] random: systemd-udevd: uninitialized urandom read (16 bytes read, 2 bits of entropy available)
[    5.281044] random: systemd-udevd: uninitialized urandom read (16 bytes read, 2 bits of entropy available)
[    5.284894] random: systemd-udevd: uninitialized urandom read (16 bytes read, 2 bits of entropy available)
[    5.287441] random: systemd-udevd: uninitialized urandom read (16 bytes read, 2 bits of entropy available)
[    5.289959] random: udevadm: uninitialized urandom read (16 bytes read, 2 bits of entropy available)
[    5.299164] random: udevadm: uninitialized urandom read (16 bytes read, 2 bits of entropy available)
[    5.301588] random: udevadm: uninitialized urandom read (16 bytes read, 2 bits of entropy available)
[    5.303976] random: udevadm: uninitialized urandom read (16 bytes read, 2 bits of entropy available)
[    5.306409] random: udevadm: uninitialized urandom read (16 bytes read, 2 bits of entropy available)
[    5.352127] e1000: Intel(R) PRO/1000 Network Driver - version 7.3.21-k8-NAPI
[    5.359960] e1000: Copyright (c) 1999-2006 Intel Corporation.
[    5.375626] Fusion MPT base driver 3.04.20
[    5.382732] Copyright (c) 1999-2008 LSI Corporation
[    5.458165] Fusion MPT SPI Host driver 3.04.20
[    5.602762] input: ImExPS/2 Generic Explorer Mouse as /devices/platform/i8042/serio1/input/input4
[    5.850312] tsc: Refined TSC clocksource calibration: 2261.629 MHz
[    5.859262] clocksource: tsc: mask: 0xffffffffffffffff max_cycles: 0x20999d58db4, max_idle_ns: 440795202126 ns
[    5.952253] e1000 0000:00:03.0 eth0: (PCI:33MHz:32-bit) 02:fc:3e:21:ea:fe
[    5.957457] e1000 0000:00:03.0 eth0: Intel(R) PRO/1000 Network Connection
[    5.961881] e1000 0000:00:03.0 enp0s3: renamed from eth0
[    5.968117] mptbase: ioc0: Initiating bringup
[    6.036842] ioc0: LSI53C1030 A0: Capabilities={Initiator}
[    6.207012] scsi host2: ioc0: LSI53C1030 A0, FwRev=00000000h, Ports=1, MaxQ=256, IRQ=20
[    6.353838] scsi 2:0:0:0: Direct-Access     VBOX     HARDDISK         1.0  PQ: 0 ANSI: 5
[    6.362107] scsi target2:0:0: Beginning Domain Validation
[    6.373651] scsi target2:0:0: Domain Validation skipping write tests
[    6.379025] scsi target2:0:0: Ending Domain Validation
[    6.381994] scsi target2:0:0: asynchronous
[    6.387005] scsi 2:0:1:0: Direct-Access     VBOX     HARDDISK         1.0  PQ: 0 ANSI: 5
[    6.392066] scsi target2:0:1: Beginning Domain Validation
[    6.397817] scsi target2:0:1: Domain Validation skipping write tests
[    6.403487] scsi target2:0:1: Ending Domain Validation
[    6.411129] scsi target2:0:1: asynchronous
[    6.418699] sd 2:0:0:0: Attached scsi generic sg0 type 0
[    6.428453] sd 2:0:0:0: [sda] 20971520 512-byte logical blocks: (10.7 GB/10.0 GiB)
[    6.451267] sd 2:0:1:0: [sdb] 20480 512-byte logical blocks: (10.5 MB/10.0 MiB)
[    6.455061] sd 2:0:1:0: Attached scsi generic sg1 type 0
[    6.463767] sd 2:0:1:0: [sdb] Write Protect is off
[    6.465225] sd 2:0:1:0: [sdb] Incomplete mode parameter data
[    6.472474] sd 2:0:1:0: [sdb] Assuming drive cache: write through
[    6.474394] sd 2:0:0:0: [sda] Write Protect is off
[    6.475715] sd 2:0:0:0: [sda] Incomplete mode parameter data
[    6.477101] sd 2:0:0:0: [sda] Assuming drive cache: write through
[    6.519286]  sda: sda1
[    6.524291] sd 2:0:0:0: [sda] Attached SCSI disk
[    6.764474] sd 2:0:1:0: [sdb] Attached SCSI disk
[    8.424682] floppy0: no floppy controllers found
Begin: Loading e[    9.946401] md: linear personality registered for level -1
ssential drivers ... [    9.989666] md: multipath personality registered for level -4
[   10.001777] md: raid0 personality registered for level 0
[   10.013842] md: raid1 personality registered for level 1
[   10.100637] raid6: sse2x1   gen()  3674 MB/s
[   10.176301] raid6: sse2x1   xor()  3670 MB/s
[   10.264317] raid6: sse2x2   gen()  6088 MB/s
[   10.332494] raid6: sse2x2   xor()  4620 MB/s
[   10.400635] raid6: sse2x4   gen()  6723 MB/s
[   10.468327] raid6: sse2x4   xor()  4032 MB/s
[   10.470863] raid6: using algorithm sse2x4 gen() 6723 MB/s
[   10.472174] raid6: .... xor() 4032 MB/s, rmw enabled
[   10.473449] raid6: using ssse3x2 recovery algorithm
[   10.480566] xor: measuring software checksum speed
[   10.532470]    prefetch64-sse:  8533.000 MB/sec
[   10.576262]    generic_sse:  7750.000 MB/sec
[   10.584892] xor: using function: prefetch64-sse (8533.000 MB/sec)
[   10.589896] async_tx: api initialized (async)
[   10.620293] md: raid6 personality registered for level 6
[   10.649670] md: raid5 personality registered for level 5
[   10.652580] md: raid4 personality registered for level 4
[   10.662578] md: raid10 personality registered for level 10
done.
Begin: Running /scripts/init-premount ... done.
Begin: Mounting root file system ... Begin: Running /scripts/local-top ... done.
Begin: Running /scripts/local-premount ... [   10.720796] Btrfs loaded
Scanning for Btrfs filesystems
[   11.059695] random: nonblocking pool is initialized
done.
Warning: fsck not present, so skipping root file system
[   11.454192] EXT4-fs (sda1): mounted filesystem with ordered data mode. Opts: (null)
done.
Begin: Running /scripts/local-bottom ... done.
Begin: Running /scripts/init-bottom ... Warning: overlayroot: debug is busted
done.
[   17.443549] systemd[1]: systemd 229 running in system mode. (+PAM +AUDIT +SELINUX +IMA +APPARMOR +SMACK +SYSVINIT +UTMP +LIBCRYPTSETUP +GCRYPT +GNUTLS +ACL +XZ -LZ4 +SECCOMP +BLKID +ELFUTILS +KMOD -IDN)
[   17.458084] systemd[1]: Detected virtualization oracle.
[   17.461631] systemd[1]: Detected architecture x86-64.

Welcome to [1mUbuntu 16.04.1 LTS[0m!

[   17.587756] systemd[1]: Set hostname to <experteese>.
[   26.861702] systemd[1]: Listening on Journal Socket.
[[0;32m  OK  [0m] Listening on Journal Socket.
[   26.872039] systemd[1]: Listening on /dev/initctl Compatibility Named Pipe.
[[0;32m  OK  [0m] Listening on /dev/initctl Compatibility Named Pipe.
[   26.913557] systemd[1]: Reached target User and Group Name Lookups.
[[0;32m  OK  [0m] Reached target User and Group Name Lookups.
[   26.934307] systemd[1]: Created slice System Slice.
[[0;32m  OK  [0m] Created slice System Slice.
[   26.997012] systemd[1]: Starting Uncomplicated firewall...
         Starting Uncomplicated firewall...
[   27.007852] systemd[1]: Mounting Debug File System...
         Mounting Debug File System...
[   27.015848] systemd[1]: Listening on Journal Audit Socket.
[[0;32m  OK  [0m] Listening on Journal Audit Socket.
[   27.032577] systemd[1]: Mounting Huge Pages File System...
         Mounting Huge Pages File System...
[   27.066049] systemd[1]: Created slice system-serial\x2dgetty.slice.
[[0;32m  OK  [0m] Created slice system-serial\x2dgetty.slice.
[   27.080996] systemd[1]: Listening on udev Control Socket.
[[0;32m  OK  [0m] Listening on udev Control Socket.
[   27.224670] systemd[1]: Listening on Device-mapper event daemon FIFOs.
[[0;32m  OK  [0m] Listening on Device-mapper event daemon FIFOs.
[   27.229241] systemd[1]: Listening on LVM2 poll daemon socket.
[[0;32m  OK  [0m] Listening on LVM2 poll daemon socket.
[   27.365643] systemd[1]: Starting Load Kernel Modules...
         Starting Load Kernel Modules...
[   27.373013] systemd[1]: Listening on udev Kernel Socket.
[[0;32m  OK  [0m] Listening on udev Kernel Socket.
[   27.376965] systemd[1]: Listening on LVM2 metadata daemon socket.
[[0;32m  OK  [0m] Listening on LVM2 metadata daemon socket.
[   27.391894] systemd[1]: Reached target Encrypted Volumes.
[[0;32m  OK  [0m] Reached target Encrypted Volumes.
[   27.397103] systemd[1]: Starting Set console keymap...
         Starting Set console keymap...
[   27.403684] systemd[1]: Set up automount Arbitrary Executable File Formats File System Automount Point.
[[0;32m  OK  [0m] Set up automount Arbitrary Executab...ats File System Automount Point.
[   27.428624] systemd[1]: Created slice User and Session Slice.
[[0;32m  OK  [0m] Created slice User and Session Slice.
[   27.432898] systemd[1]: Starting Nameserver information manager...
         Starting Nameserver information manager...
[   27.438709] systemd[1]: Starting Monitoring of LVM2 mirrors, snapshots etc. using dmeventd or progress polling...
         Starting Monitoring of LVM2 mirrors... dmeventd or progress polling...
[   27.449656] systemd[1]: Mounting POSIX Message Queue File System...
         Mounting POSIX Message Queue File System...
[   27.460734] systemd[1]: Reached target Swap.
[[0;32m  OK  [0m] Reached target Swap.
[   27.464395] systemd[1]: Listening on Journal Socket (/dev/log).
[[0;32m  OK  [0m] Listening on Journal Socket (/dev/log).
[   27.469002] systemd[1]: Started Forward Password Requests to Wall Directory Watch.
[[0;32m  OK  [0m] Started Forward Password Requests to Wall Directory Watch.
[   27.475552] systemd[1]: Created slice system-postgresql.slice.
[[0;32m  OK  [0m] Created slice system-postgresql.slice.
[   27.481149] systemd[1]: Starting Remount Root and Kernel File Systems...
         Starting Remount Root and Kernel File Systems...
[   27.487079] systemd[1]: Reached target Slices.
[[0;32m  OK  [0m] Reached target Slices.
[   27.492703] systemd[1]: Listening on Syslog Socket.
[[0;32m  OK  [0m] Listening on Syslog Socket.
[   27.498207] systemd[1]: Starting Journal Service...
         Starting Journal Service...
[   27.579746] systemd[1]: Starting Create list of required static device nodes for the current kernel...
         Starting Create list of required st... nodes for the current kernel...
[   27.620299] systemd[1]: Started Uncomplicated firewall.
[[0;32m  OK  [0m] Started Uncomplicated firewall.
[   27.911423] systemd[1]: Mounted Huge Pages File System.
[[0;32m  OK  [0m] Mounted Huge Pages File System.
[   27.927315] systemd[1]: Mounted POSIX Message Queue File System.
[[0;32m  OK  [0m] Mounted POSIX Message Queue File System.
[   27.935880] systemd[1]: Mounted Debug File System.
[[0;32m  OK  [0m] Mounted Debug File System.
[   28.099014] systemd[1]: Started Nameserver information manager.
[[0;32m  OK  [0m] Started Nameserver information manager.
[   28.234407] Loading iSCSI transport class v2.0-870.
[   28.251242] EXT4-fs (sda1): re-mounted. Opts: (null)
[   28.257865] systemd[1]: Started Remount Root and Kernel File Systems.
[[0;32m  OK  [0m] Started Remount Root and Kernel File Systems.
[   28.272118] systemd[1]: Starting Initial cloud-init job (pre-networking)...
         Starting Initial cloud-init job (pre-networking)...
[   28.369244] systemd[1]: Starting udev Coldplug all Devices...
         Starting udev Coldplug all Devices...
[   28.389627] systemd[1]: Starting Load/Save Random Seed...
         Starting Load/Save Random Seed...
[   28.399192] systemd[1]: Started Create list of required static device nodes for the current kernel.
[[0;32m  OK  [0m] Started Create list of required sta...ce nodes for the current kernel.
[   28.427821] systemd[1]: Starting Create Static Device Nodes in /dev...
         Starting Create Static Device Nodes in /dev...
[   29.115405] iscsi: registered transport (tcp)
[   29.834721] systemd[1]: Started LVM2 metadata daemon.
[[0;32m  OK  [0m] Started LVM2 metadata daemon.
[   29.897109] systemd[1]: Started Load/Save Random Seed.
[[0;32m  OK  [0m] Started Load/Save Random Seed.
[   29.954573] systemd[1]: Started udev Coldplug all Devices.
[[0;32m  OK  [0m] Started udev Coldplug all Devices.
[   30.014038] systemd[1]: Started Journal Service.
[[0;32m  OK  [0m] Started Journal Service.
         Starting Flush Journal to Persistent Storage...
[   30.408163] systemd-journald[411]: Received request to flush runtime journal from PID 1
[[0;32m  OK  [0m] Started Set console keymap.
[[0;32m  OK  [0m] Started Flush Journal to Persistent Storage.
[   30.887204] iscsi: registered transport (iser)
[[0;32m  OK  [0m] Started Load Kernel Modules.
         Mounting FUSE Control File System...
         Starting Apply Kernel Variables...
[[0;32m  OK  [0m] Mounted FUSE Control File System.
[[0;32m  OK  [0m] Started Apply Kernel Variables.
[[0;32m  OK  [0m] Started Monitoring of LVM2 mirrors,...ng dmeventd or progress polling.
